// Jest Snapshot v1, https://goo.gl/fbAQLP

exports[`Matches Snapshot 1`] = `
<DocumentFragment>
  <div
    class="box"
  >
    <div
      style="display: flex; justify-content: center; align-items: center;"
    />
    <button
      class="del-button"
    >
      x
    </button>
  </div>
</DocumentFragment>
`;
